[MONITOR] WandB run=6D-J-2000 url=https://wandb.ai/cloudgowindstop-tsinghua-university/cosmos-offline-compare-2000/runs/r3yq8m5t
[TRAIN] epoch=0 step=0 batches=34358 skip=0 accum=16
[TRAIN] step=5 loss=0.815555
[TRAIN] step=10 loss=0.775891
[TRAIN] step=15 loss=0.634076
[TRAIN] step=20 loss=0.558003
[TRAIN] step=25 loss=0.477740
[TRAIN] step=30 loss=0.362792
[TRAIN] step=35 loss=0.246897
[TRAIN] step=40 loss=0.164788
[TRAIN] step=45 loss=0.134231
[TRAIN] step=50 loss=0.131474
[TRAIN] step=55 loss=0.123745
[TRAIN] step=60 loss=0.107670
[TRAIN] step=65 loss=0.117594
[TRAIN] step=70 loss=0.099820
[TRAIN] step=75 loss=0.097587
[TRAIN] step=80 loss=0.102512
[TRAIN] step=85 loss=0.087713
[TRAIN] step=90 loss=0.082353
[TRAIN] step=95 loss=0.097909
[TRAIN] step=100 loss=0.091625
[TRAIN] step=105 loss=0.087829
[TRAIN] step=110 loss=0.093848
[TRAIN] step=115 loss=0.092665
[TRAIN] step=120 loss=0.078972
[TRAIN] step=125 loss=0.091202
[TRAIN] step=130 loss=0.090712
[TRAIN] step=135 loss=0.098411
[TRAIN] step=140 loss=0.082611
[TRAIN] step=145 loss=0.089257
[TRAIN] step=150 loss=0.081362
[TRAIN] step=155 loss=0.088978
[TRAIN] step=160 loss=0.079451
[TRAIN] step=165 loss=0.098346
[TRAIN] step=170 loss=0.066337
[TRAIN] step=175 loss=0.086408
[TRAIN] step=180 loss=0.076991
[TRAIN] step=185 loss=0.076440
[TRAIN] step=190 loss=0.071781
[TRAIN] step=195 loss=0.067655
[TRAIN] step=200 loss=0.060636
[TRAIN] step=205 loss=0.065662
[TRAIN] step=210 loss=0.075022
[TRAIN] step=215 loss=0.064454
[TRAIN] step=220 loss=0.064510
[TRAIN] step=225 loss=0.072792
[TRAIN] step=230 loss=0.071312
[TRAIN] step=235 loss=0.064056
[TRAIN] step=240 loss=0.066509
[TRAIN] step=245 loss=0.060457
[TRAIN] step=250 loss=0.072420
[TRAIN] step=255 loss=0.048843
[TRAIN] step=260 loss=0.071566
[TRAIN] step=265 loss=0.056045
[TRAIN] step=270 loss=0.050105
[TRAIN] step=275 loss=0.055802
[TRAIN] step=280 loss=0.053151
[TRAIN] step=285 loss=0.042047
[TRAIN] step=290 loss=0.038605
[TRAIN] step=295 loss=0.047745
[TRAIN] step=300 loss=0.055125
[TRAIN] step=305 loss=0.039428
[TRAIN] step=310 loss=0.041234
[TRAIN] step=315 loss=0.049159
[TRAIN] step=320 loss=0.038333
[TRAIN] step=325 loss=0.036347
[TRAIN] step=330 loss=0.040318
[TRAIN] step=335 loss=0.043298
[TRAIN] step=340 loss=0.039975
[TRAIN] step=345 loss=0.044601
[TRAIN] step=350 loss=0.066292
[TRAIN] step=355 loss=0.089377
[TRAIN] step=360 loss=0.100836
[TRAIN] step=365 loss=0.078330
[TRAIN] step=370 loss=0.056252
[TRAIN] step=375 loss=0.060574
[TRAIN] step=380 loss=0.047248
[TRAIN] step=385 loss=0.051168
[TRAIN] step=390 loss=0.052716
[TRAIN] step=395 loss=0.041637
[TRAIN] step=400 loss=0.040073
[TRAIN] step=405 loss=0.044478
[TRAIN] step=410 loss=0.044420
[TRAIN] step=415 loss=0.052540
[TRAIN] step=420 loss=0.052381
[TRAIN] step=425 loss=0.051358
[TRAIN] step=430 loss=0.034522
[TRAIN] step=435 loss=0.035499
[TRAIN] step=440 loss=0.043877
[TRAIN] step=445 loss=0.039468
[TRAIN] step=450 loss=0.038745
[TRAIN] step=455 loss=0.042976
[TRAIN] step=460 loss=0.054726
[TRAIN] step=465 loss=0.036610
[TRAIN] step=470 loss=0.038343
[TRAIN] step=475 loss=0.054915
[TRAIN] step=480 loss=0.048109
[TRAIN] step=485 loss=0.033693
[TRAIN] step=490 loss=0.038096
[TRAIN] step=495 loss=0.037602
[TRAIN] step=500 loss=0.040755
[EVAL] condition=1/1 step=500 sigma=0.5 objective=policy ablation=normal batches=40
[EVAL] condition=1/1 batch=10/40 rate=2.27 batch/s elapsed=4.4s ETA=13.2s
[EVAL] condition=1/1 batch=20/40 rate=3.53 batch/s elapsed=5.7s ETA=5.7s
[EVAL] condition=1/1 batch=30/40 rate=4.32 batch/s elapsed=6.9s ETA=2.3s
[EVAL] condition=1/1 batch=40/40 rate=4.87 batch/s elapsed=8.2s ETA=0.0s
[EVAL] condition=1/1 complete loss=0.084785 elapsed=8.2s
[VAL] epoch=0 loss=0.084785 elapsed=8.2s
[TRAIN] step=505 loss=0.032273
[TRAIN] step=510 loss=0.033095
[TRAIN] step=515 loss=0.033299
[TRAIN] step=520 loss=0.036335
[TRAIN] step=525 loss=0.032811
[TRAIN] step=530 loss=0.039211
[TRAIN] step=535 loss=0.038193
[TRAIN] step=540 loss=0.028620
[TRAIN] step=545 loss=0.038984
[TRAIN] step=550 loss=0.049129
[TRAIN] step=555 loss=0.042847
[TRAIN] step=560 loss=0.036217
[TRAIN] step=565 loss=0.033094
[TRAIN] step=570 loss=0.039600
[TRAIN] step=575 loss=0.039416
[TRAIN] step=580 loss=0.034961
[TRAIN] step=585 loss=0.032518
[TRAIN] step=590 loss=0.034045
[TRAIN] step=595 loss=0.032776
[TRAIN] step=600 loss=0.031477
[TRAIN] step=605 loss=0.044138
[TRAIN] step=610 loss=0.074910
[TRAIN] step=615 loss=0.030445
[TRAIN] step=620 loss=0.037495
[TRAIN] step=625 loss=0.039482
[TRAIN] step=630 loss=0.033005
[TRAIN] step=635 loss=0.069892
[TRAIN] step=640 loss=0.074635
[TRAIN] step=645 loss=0.079674
[TRAIN] step=650 loss=0.053183
[TRAIN] step=655 loss=0.043325
[TRAIN] step=660 loss=0.035818
[TRAIN] step=665 loss=0.049265
[TRAIN] step=670 loss=0.062861
[TRAIN] step=675 loss=0.035795
[TRAIN] step=680 loss=0.045493
[TRAIN] step=685 loss=0.039239
[TRAIN] step=690 loss=0.045576
[TRAIN] step=695 loss=0.064975
[TRAIN] step=700 loss=0.038055
[TRAIN] step=705 loss=0.043856
[TRAIN] step=710 loss=0.108004
[TRAIN] step=715 loss=0.060306
[TRAIN] step=720 loss=0.063889
[TRAIN] step=725 loss=0.051356
[TRAIN] step=730 loss=0.036833
[TRAIN] step=735 loss=0.037227
[TRAIN] step=740 loss=0.053707
[TRAIN] step=745 loss=0.034385
[TRAIN] step=750 loss=0.045429
[TRAIN] step=755 loss=0.038497
[TRAIN] step=760 loss=0.043869
[TRAIN] step=765 loss=0.041705
[TRAIN] step=770 loss=0.036337
[TRAIN] step=775 loss=0.038981
[TRAIN] step=780 loss=0.035706
[TRAIN] step=785 loss=0.034237
[TRAIN] step=790 loss=0.042157
[TRAIN] step=795 loss=0.034802
[TRAIN] step=800 loss=0.031445
[TRAIN] step=805 loss=0.028029
[TRAIN] step=810 loss=0.029337
[TRAIN] step=815 loss=0.044592
[TRAIN] step=820 loss=0.052088
[TRAIN] step=825 loss=0.030991
[TRAIN] step=830 loss=0.030827
[TRAIN] step=835 loss=0.037384
[TRAIN] step=840 loss=0.027453
[TRAIN] step=845 loss=0.031779
[TRAIN] step=850 loss=0.029167
[TRAIN] step=855 loss=0.034976
[TRAIN] step=860 loss=0.028776
[TRAIN] step=865 loss=0.032497
[TRAIN] step=870 loss=0.041274
[TRAIN] step=875 loss=0.037335
[TRAIN] step=880 loss=0.038204
[TRAIN] step=885 loss=0.040083
[TRAIN] step=890 loss=0.029622
[TRAIN] step=895 loss=0.041847
[TRAIN] step=900 loss=0.034984
[TRAIN] step=905 loss=0.041022
[TRAIN] step=910 loss=0.025893
[TRAIN] step=915 loss=0.035378
[TRAIN] step=920 loss=0.028010
[TRAIN] step=925 loss=0.033321
[TRAIN] step=930 loss=0.048637
[TRAIN] step=935 loss=0.034497
[TRAIN] step=940 loss=0.043572
[TRAIN] step=945 loss=0.035912
[TRAIN] step=950 loss=0.034718
[TRAIN] step=955 loss=0.036578
[TRAIN] step=960 loss=0.037082
[TRAIN] step=965 loss=0.036629
[TRAIN] step=970 loss=0.049221
[TRAIN] step=975 loss=0.038009
[TRAIN] step=980 loss=0.038366
[TRAIN] step=985 loss=0.052195
[TRAIN] step=990 loss=0.035558
[TRAIN] step=995 loss=0.051983
[TRAIN] step=1000 loss=0.046017
[EVAL] condition=1/1 step=1000 sigma=0.5 objective=policy ablation=normal batches=40
[EVAL] condition=1/1 batch=10/40 rate=6.20 batch/s elapsed=1.6s ETA=4.8s
[EVAL] condition=1/1 batch=20/40 rate=6.89 batch/s elapsed=2.9s ETA=2.9s
[EVAL] condition=1/1 batch=30/40 rate=7.12 batch/s elapsed=4.2s ETA=1.4s
[EVAL] condition=1/1 batch=40/40 rate=7.29 batch/s elapsed=5.5s ETA=0.0s
[EVAL] condition=1/1 complete loss=0.106039 elapsed=5.5s
[VAL] epoch=0 loss=0.106039 elapsed=5.5s
[TRAIN] step=1005 loss=0.039560
[TRAIN] step=1010 loss=0.035045
[TRAIN] step=1015 loss=0.040525
[TRAIN] step=1020 loss=0.046849
[TRAIN] step=1025 loss=0.046258
[TRAIN] step=1030 loss=0.048668
[TRAIN] step=1035 loss=0.041183
[TRAIN] step=1040 loss=0.043052
[TRAIN] step=1045 loss=0.043636
[TRAIN] step=1050 loss=0.054519
[TRAIN] step=1055 loss=0.038606
[TRAIN] step=1060 loss=0.036406
[TRAIN] step=1065 loss=0.036238
[TRAIN] step=1070 loss=0.040771
[TRAIN] step=1075 loss=0.047221
[TRAIN] step=1080 loss=0.043237
[TRAIN] step=1085 loss=0.040420
[TRAIN] step=1090 loss=0.038306
[TRAIN] step=1095 loss=0.030823
[TRAIN] step=1100 loss=0.039701
[TRAIN] step=1105 loss=0.034390
[TRAIN] step=1110 loss=0.038822
[TRAIN] step=1115 loss=0.048293
[TRAIN] step=1120 loss=0.037348
[TRAIN] step=1125 loss=0.027619
[TRAIN] step=1130 loss=0.028091
[TRAIN] step=1135 loss=0.027806
[TRAIN] step=1140 loss=0.023588
[TRAIN] step=1145 loss=0.027568
[TRAIN] step=1150 loss=0.024781
[TRAIN] step=1155 loss=0.028734
[TRAIN] step=1160 loss=0.031723
[TRAIN] step=1165 loss=0.030296
[TRAIN] step=1170 loss=0.048701
[TRAIN] step=1175 loss=0.044124
[TRAIN] step=1180 loss=0.039228
[TRAIN] step=1185 loss=0.036878
[TRAIN] step=1190 loss=0.032211
[TRAIN] step=1195 loss=0.032161
[TRAIN] step=1200 loss=0.047907
[TRAIN] step=1205 loss=0.036859
[TRAIN] step=1210 loss=0.035310
[TRAIN] step=1215 loss=0.029559
[TRAIN] step=1220 loss=0.037923
[TRAIN] step=1225 loss=0.027341
[TRAIN] step=1230 loss=0.026578
[TRAIN] step=1235 loss=0.030019
[TRAIN] step=1240 loss=0.029330
[TRAIN] step=1245 loss=0.031533
[TRAIN] step=1250 loss=0.023599
[TRAIN] step=1255 loss=0.027828
[TRAIN] step=1260 loss=0.029270
[TRAIN] step=1265 loss=0.028373
[TRAIN] step=1270 loss=0.030369
[TRAIN] step=1275 loss=0.032929
[TRAIN] step=1280 loss=0.031099
[TRAIN] step=1285 loss=0.031986
[TRAIN] step=1290 loss=0.030360
[TRAIN] step=1295 loss=0.029471
[TRAIN] step=1300 loss=0.030632
[TRAIN] step=1305 loss=0.045725
[TRAIN] step=1310 loss=0.025861
[TRAIN] step=1315 loss=0.026410
[TRAIN] step=1320 loss=0.027578
[TRAIN] step=1325 loss=0.035037
[TRAIN] step=1330 loss=0.034567
[TRAIN] step=1335 loss=0.044352
[TRAIN] step=1340 loss=0.030684
[TRAIN] step=1345 loss=0.030292
[TRAIN] step=1350 loss=0.032209
[TRAIN] step=1355 loss=0.041174
[TRAIN] step=1360 loss=0.032336
[TRAIN] step=1365 loss=0.030105
[TRAIN] step=1370 loss=0.028753
[TRAIN] step=1375 loss=0.029960
[TRAIN] step=1380 loss=0.030210
[TRAIN] step=1385 loss=0.030947
[TRAIN] step=1390 loss=0.028174
[TRAIN] step=1395 loss=0.035381
[TRAIN] step=1400 loss=0.029011
[TRAIN] step=1405 loss=0.026697
[TRAIN] step=1410 loss=0.033647
[TRAIN] step=1415 loss=0.038382
[TRAIN] step=1420 loss=0.025810
[TRAIN] step=1425 loss=0.032868
[TRAIN] step=1430 loss=0.026763
[TRAIN] step=1435 loss=0.032590
[TRAIN] step=1440 loss=0.034334
[TRAIN] step=1445 loss=0.028686
[TRAIN] step=1450 loss=0.054229
[TRAIN] step=1455 loss=0.043611
[TRAIN] step=1460 loss=0.044067
[TRAIN] step=1465 loss=0.028961
[TRAIN] step=1470 loss=0.029464
[TRAIN] step=1475 loss=0.033403
[TRAIN] step=1480 loss=0.039508
[TRAIN] step=1485 loss=0.033057
[TRAIN] step=1490 loss=0.034305
[TRAIN] step=1495 loss=0.031494
[TRAIN] step=1500 loss=0.059359
[EVAL] condition=1/1 step=1500 sigma=0.5 objective=policy ablation=normal batches=40
[EVAL] condition=1/1 batch=10/40 rate=5.95 batch/s elapsed=1.7s ETA=5.0s
[EVAL] condition=1/1 batch=20/40 rate=6.75 batch/s elapsed=3.0s ETA=3.0s
[EVAL] condition=1/1 batch=30/40 rate=7.07 batch/s elapsed=4.2s ETA=1.4s
[EVAL] condition=1/1 batch=40/40 rate=7.24 batch/s elapsed=5.5s ETA=0.0s
[EVAL] condition=1/1 complete loss=0.085445 elapsed=5.5s
[VAL] epoch=0 loss=0.085445 elapsed=5.5s
[TRAIN] step=1505 loss=0.034612
[TRAIN] step=1510 loss=0.038580
[TRAIN] step=1515 loss=0.033482
[TRAIN] step=1520 loss=0.041463
[TRAIN] step=1525 loss=0.026998
[TRAIN] step=1530 loss=0.032480
[TRAIN] step=1535 loss=0.024334
[TRAIN] step=1540 loss=0.029260
[TRAIN] step=1545 loss=0.031361
[TRAIN] step=1550 loss=0.032774
[TRAIN] step=1555 loss=0.029011
[TRAIN] step=1560 loss=0.029273
[TRAIN] step=1565 loss=0.027459
[TRAIN] step=1570 loss=0.029077
[TRAIN] step=1575 loss=0.027284
[TRAIN] step=1580 loss=0.026830
[TRAIN] step=1585 loss=0.029180
[TRAIN] step=1590 loss=0.030845
[TRAIN] step=1595 loss=0.029761
[TRAIN] step=1600 loss=0.031228
[TRAIN] step=1605 loss=0.025611
[TRAIN] step=1610 loss=0.028937
[TRAIN] step=1615 loss=0.026530
[TRAIN] step=1620 loss=0.032913
[TRAIN] step=1625 loss=0.025144
[TRAIN] step=1630 loss=0.024259
[TRAIN] step=1635 loss=0.024318
[TRAIN] step=1640 loss=0.027403
[TRAIN] step=1645 loss=0.022440
[TRAIN] step=1650 loss=0.028192
[TRAIN] step=1655 loss=0.026939
[TRAIN] step=1660 loss=0.029062
[TRAIN] step=1665 loss=0.051176
[TRAIN] step=1670 loss=0.035718
[TRAIN] step=1675 loss=0.032031
[TRAIN] step=1680 loss=0.032764
[TRAIN] step=1685 loss=0.030021
[TRAIN] step=1690 loss=0.023080
[TRAIN] step=1695 loss=0.029795
[TRAIN] step=1700 loss=0.024797
[TRAIN] step=1705 loss=0.025496
[TRAIN] step=1710 loss=0.025099
[TRAIN] step=1715 loss=0.033250
[TRAIN] step=1720 loss=0.028802
[TRAIN] step=1725 loss=0.030628
[TRAIN] step=1730 loss=0.023541
[TRAIN] step=1735 loss=0.025563
[TRAIN] step=1740 loss=0.027936
[TRAIN] step=1745 loss=0.020522
[TRAIN] step=1750 loss=0.033686
[TRAIN] step=1755 loss=0.028791
[TRAIN] step=1760 loss=0.040277
[TRAIN] step=1765 loss=0.030933
[TRAIN] step=1770 loss=0.033363
[TRAIN] step=1775 loss=0.026686
[TRAIN] step=1780 loss=0.041877
[TRAIN] step=1785 loss=0.026632
[TRAIN] step=1790 loss=0.029888
[TRAIN] step=1795 loss=0.026424
[TRAIN] step=1800 loss=0.027762
[TRAIN] step=1805 loss=0.025177
[TRAIN] step=1810 loss=0.027947
[TRAIN] step=1815 loss=0.040698
[TRAIN] step=1820 loss=0.031058
[TRAIN] step=1825 loss=0.028489
[TRAIN] step=1830 loss=0.034052
[TRAIN] step=1835 loss=0.034659
[TRAIN] step=1840 loss=0.037482
[TRAIN] step=1845 loss=0.028299
[TRAIN] step=1850 loss=0.025694
[TRAIN] step=1855 loss=0.030958
[TRAIN] step=1860 loss=0.033512
[TRAIN] step=1865 loss=0.031598
[TRAIN] step=1870 loss=0.030634
[TRAIN] step=1875 loss=0.032980
[TRAIN] step=1880 loss=0.033038
[TRAIN] step=1885 loss=0.034406
[TRAIN] step=1890 loss=0.028509
[TRAIN] step=1895 loss=0.031403
[TRAIN] step=1900 loss=0.029123
[TRAIN] step=1905 loss=0.027000
[TRAIN] step=1910 loss=0.026078
[TRAIN] step=1915 loss=0.022965
[TRAIN] step=1920 loss=0.022733
[TRAIN] step=1925 loss=0.034615
[TRAIN] step=1930 loss=0.024142
[TRAIN] step=1935 loss=0.028343
[TRAIN] step=1940 loss=0.023297
[TRAIN] step=1945 loss=0.030460
[TRAIN] step=1950 loss=0.026571
[TRAIN] step=1955 loss=0.022244
[TRAIN] step=1960 loss=0.026809
[TRAIN] step=1965 loss=0.027126
[TRAIN] step=1970 loss=0.026372
[TRAIN] step=1975 loss=0.024072
[TRAIN] step=1980 loss=0.029700
[TRAIN] step=1985 loss=0.028520
[TRAIN] step=1990 loss=0.028653
[TRAIN] step=1995 loss=0.025764
[TRAIN] step=2000 loss=0.025684
[EVAL] condition=1/1 step=2000 sigma=0.5 objective=policy ablation=normal batches=40
[EVAL] condition=1/1 batch=10/40 rate=6.70 batch/s elapsed=1.5s ETA=4.5s
[EVAL] condition=1/1 batch=20/40 rate=7.31 batch/s elapsed=2.7s ETA=2.7s
[EVAL] condition=1/1 batch=30/40 rate=7.53 batch/s elapsed=4.0s ETA=1.3s
[EVAL] condition=1/1 batch=40/40 rate=7.64 batch/s elapsed=5.2s ETA=0.0s
[EVAL] condition=1/1 complete loss=0.070155 elapsed=5.2s
[VAL] epoch=0 loss=0.070155 elapsed=5.2s
[EVAL] condition=1/3 step=2000 sigma=0.5 objective=policy ablation=normal batches=40
[EVAL] condition=1/3 batch=10/40 rate=6.29 batch/s elapsed=1.6s ETA=4.8s
[EVAL] condition=1/3 batch=20/40 rate=7.05 batch/s elapsed=2.8s ETA=2.8s
[EVAL] condition=1/3 batch=30/40 rate=7.34 batch/s elapsed=4.1s ETA=1.4s
[EVAL] condition=1/3 batch=40/40 rate=7.49 batch/s elapsed=5.3s ETA=0.0s
[EVAL] condition=1/3 complete loss=0.070155 elapsed=5.3s
[EVAL] condition=2/3 step=2000 sigma=0.5 objective=world ablation=normal batches=40
[EVAL] condition=2/3 batch=10/40 rate=6.44 batch/s elapsed=1.6s ETA=4.7s
[EVAL] condition=2/3 batch=20/40 rate=7.29 batch/s elapsed=2.7s ETA=2.7s
[EVAL] condition=2/3 batch=30/40 rate=7.63 batch/s elapsed=3.9s ETA=1.3s
[EVAL] condition=2/3 batch=40/40 rate=7.28 batch/s elapsed=5.5s ETA=0.0s
[EVAL] condition=2/3 complete loss=0.079449 elapsed=5.5s
[EVAL] condition=3/3 step=2000 sigma=0.5 objective=value ablation=normal batches=40
[EVAL] condition=3/3 batch=10/40 rate=6.16 batch/s elapsed=1.6s ETA=4.9s
[EVAL] condition=3/3 batch=20/40 rate=7.10 batch/s elapsed=2.8s ETA=2.8s
[EVAL] condition=3/3 batch=30/40 rate=7.48 batch/s elapsed=4.0s ETA=1.3s
[EVAL] condition=3/3 batch=40/40 rate=7.69 batch/s elapsed=5.2s ETA=0.0s
[EVAL] condition=3/3 complete loss=0.005665 elapsed=5.2s
[VAL] epoch=0 loss=0.051756 elapsed=16.0s
