[MONITOR] WandB run=6D-P-2000 url=https://wandb.ai/cloudgowindstop-tsinghua-university/cosmos-offline-compare-2000/runs/biwkwilg
[TRAIN] epoch=0 step=0 batches=34358 skip=0 accum=16
[TRAIN] step=5 loss=0.791784
[TRAIN] step=10 loss=0.757429
[TRAIN] step=15 loss=0.602918
[TRAIN] step=20 loss=0.541279
[TRAIN] step=25 loss=0.484662
[TRAIN] step=30 loss=0.379274
[TRAIN] step=35 loss=0.264634
[TRAIN] step=40 loss=0.166446
[TRAIN] step=45 loss=0.140222
[TRAIN] step=50 loss=0.128187
[TRAIN] step=55 loss=0.128741
[TRAIN] step=60 loss=0.117671
[TRAIN] step=65 loss=0.126926
[TRAIN] step=70 loss=0.112900
[TRAIN] step=75 loss=0.112030
[TRAIN] step=80 loss=0.122178
[TRAIN] step=85 loss=0.101724
[TRAIN] step=90 loss=0.103277
[TRAIN] step=95 loss=0.110156
[TRAIN] step=100 loss=0.102450
[TRAIN] step=105 loss=0.098394
[TRAIN] step=110 loss=0.102701
[TRAIN] step=115 loss=0.102466
[TRAIN] step=120 loss=0.092970
[TRAIN] step=125 loss=0.097674
[TRAIN] step=130 loss=0.092681
[TRAIN] step=135 loss=0.095493
[TRAIN] step=140 loss=0.096103
[TRAIN] step=145 loss=0.090980
[TRAIN] step=150 loss=0.089912
[TRAIN] step=155 loss=0.091611
[TRAIN] step=160 loss=0.085792
[TRAIN] step=165 loss=0.083509
[TRAIN] step=170 loss=0.073252
[TRAIN] step=175 loss=0.075950
[TRAIN] step=180 loss=0.068371
[TRAIN] step=185 loss=0.091855
[TRAIN] step=190 loss=0.080442
[TRAIN] step=195 loss=0.071143
[TRAIN] step=200 loss=0.054454
[TRAIN] step=205 loss=0.050150
[TRAIN] step=210 loss=0.049043
[TRAIN] step=215 loss=0.040451
[TRAIN] step=220 loss=0.043795
[TRAIN] step=225 loss=0.041701
[TRAIN] step=230 loss=0.045869
[TRAIN] step=235 loss=0.040718
[TRAIN] step=240 loss=0.045862
[TRAIN] step=245 loss=0.039674
[TRAIN] step=250 loss=0.045292
[TRAIN] step=255 loss=0.037563
[TRAIN] step=260 loss=0.041877
[TRAIN] step=265 loss=0.041386
[TRAIN] step=270 loss=0.050046
[TRAIN] step=275 loss=0.045251
[TRAIN] step=280 loss=0.042527
[TRAIN] step=285 loss=0.046357
[TRAIN] step=290 loss=0.039538
[TRAIN] step=295 loss=0.048107
[TRAIN] step=300 loss=0.046642
[TRAIN] step=305 loss=0.034946
[TRAIN] step=310 loss=0.038956
[TRAIN] step=315 loss=0.039552
[TRAIN] step=320 loss=0.031905
[TRAIN] step=325 loss=0.033105
[TRAIN] step=330 loss=0.033529
[TRAIN] step=335 loss=0.039869
[TRAIN] step=340 loss=0.034805
[TRAIN] step=345 loss=0.033838
[TRAIN] step=350 loss=0.031276
[TRAIN] step=355 loss=0.037365
[TRAIN] step=360 loss=0.045624
[TRAIN] step=365 loss=0.034307
[TRAIN] step=370 loss=0.044448
[TRAIN] step=375 loss=0.040439
[TRAIN] step=380 loss=0.039053
[TRAIN] step=385 loss=0.038527
[TRAIN] step=390 loss=0.031668
[TRAIN] step=395 loss=0.035200
[TRAIN] step=400 loss=0.039011
[TRAIN] step=405 loss=0.034262
[TRAIN] step=410 loss=0.030771
[TRAIN] step=415 loss=0.035269
[TRAIN] step=420 loss=0.042722
[TRAIN] step=425 loss=0.040675
[TRAIN] step=430 loss=0.031358
[TRAIN] step=435 loss=0.040236
[TRAIN] step=440 loss=0.032858
[TRAIN] step=445 loss=0.035251
[TRAIN] step=450 loss=0.031370
[TRAIN] step=455 loss=0.037580
[TRAIN] step=460 loss=0.040512
[TRAIN] step=465 loss=0.035286
[TRAIN] step=470 loss=0.037147
[TRAIN] step=475 loss=0.034915
[TRAIN] step=480 loss=0.034545
[TRAIN] step=485 loss=0.033828
[TRAIN] step=490 loss=0.036026
[TRAIN] step=495 loss=0.032573
[TRAIN] step=500 loss=0.035807
[EVAL] condition=1/1 step=500 sigma=0.5 objective=policy ablation=normal batches=40
[EVAL] condition=1/1 batch=10/40 rate=2.34 batch/s elapsed=4.3s ETA=12.8s
[EVAL] condition=1/1 batch=20/40 rate=3.59 batch/s elapsed=5.6s ETA=5.6s
[EVAL] condition=1/1 batch=30/40 rate=4.38 batch/s elapsed=6.8s ETA=2.3s
[EVAL] condition=1/1 batch=40/40 rate=4.92 batch/s elapsed=8.1s ETA=0.0s
[EVAL] condition=1/1 complete loss=0.075281 elapsed=8.1s
[VAL] epoch=0 loss=0.075281 elapsed=8.1s
[TRAIN] step=505 loss=0.030239
[TRAIN] step=510 loss=0.034903
[TRAIN] step=515 loss=0.027315
[TRAIN] step=520 loss=0.030331
[TRAIN] step=525 loss=0.029985
[TRAIN] step=530 loss=0.041121
[TRAIN] step=535 loss=0.320484
[TRAIN] step=540 loss=0.105546
[TRAIN] step=545 loss=0.110330
[TRAIN] step=550 loss=0.094500
[TRAIN] step=555 loss=0.066388
[TRAIN] step=560 loss=0.064617
[TRAIN] step=565 loss=0.043748
[TRAIN] step=570 loss=0.041577
[TRAIN] step=575 loss=0.044212
[TRAIN] step=580 loss=0.041275
[TRAIN] step=585 loss=0.034566
[TRAIN] step=590 loss=0.040354
[TRAIN] step=595 loss=0.036224
[TRAIN] step=600 loss=0.034893
[TRAIN] step=605 loss=0.043474
[TRAIN] step=610 loss=0.034032
[TRAIN] step=615 loss=0.028593
[TRAIN] step=620 loss=0.032086
[TRAIN] step=625 loss=0.037423
[TRAIN] step=630 loss=0.029685
[TRAIN] step=635 loss=0.027350
[TRAIN] step=640 loss=0.036168
[TRAIN] step=645 loss=0.034138
[TRAIN] step=650 loss=0.030017
[TRAIN] step=655 loss=0.030422
[TRAIN] step=660 loss=0.026767
[TRAIN] step=665 loss=0.037588
[TRAIN] step=670 loss=0.033056
[TRAIN] step=675 loss=0.026687
[TRAIN] step=680 loss=0.029060
[TRAIN] step=685 loss=0.029616
[TRAIN] step=690 loss=0.040032
[TRAIN] step=695 loss=0.033031
[TRAIN] step=700 loss=0.029954
[TRAIN] step=705 loss=0.036945
[TRAIN] step=710 loss=0.027920
[TRAIN] step=715 loss=0.031588
[TRAIN] step=720 loss=0.036845
[TRAIN] step=725 loss=0.031420
[TRAIN] step=730 loss=0.030903
[TRAIN] step=735 loss=0.028982
[TRAIN] step=740 loss=0.045107
[TRAIN] step=745 loss=0.028909
[TRAIN] step=750 loss=0.028302
[TRAIN] step=755 loss=0.029070
[TRAIN] step=760 loss=0.029667
[TRAIN] step=765 loss=0.030233
[TRAIN] step=770 loss=0.029706
[TRAIN] step=775 loss=0.029757
[TRAIN] step=780 loss=0.032461
[TRAIN] step=785 loss=0.032413
[TRAIN] step=790 loss=0.034256
[TRAIN] step=795 loss=0.029351
[TRAIN] step=800 loss=0.031185
[TRAIN] step=805 loss=0.030085
[TRAIN] step=810 loss=0.029057
[TRAIN] step=815 loss=0.034623
[TRAIN] step=820 loss=0.028792
[TRAIN] step=825 loss=0.028134
[TRAIN] step=830 loss=0.028040
[TRAIN] step=835 loss=0.030967
[TRAIN] step=840 loss=0.035654
[TRAIN] step=845 loss=0.033868
[TRAIN] step=850 loss=0.026419
[TRAIN] step=855 loss=0.029847
[TRAIN] step=860 loss=0.030870
[TRAIN] step=865 loss=0.027419
[TRAIN] step=870 loss=0.031515
[TRAIN] step=875 loss=0.027210
[TRAIN] step=880 loss=0.028755
[TRAIN] step=885 loss=0.035141
[TRAIN] step=890 loss=0.030082
[TRAIN] step=895 loss=0.034077
[TRAIN] step=900 loss=0.033489
[TRAIN] step=905 loss=0.037855
[TRAIN] step=910 loss=0.027378
[TRAIN] step=915 loss=0.034118
[TRAIN] step=920 loss=0.026738
[TRAIN] step=925 loss=0.032248
[TRAIN] step=930 loss=0.184127
[TRAIN] step=935 loss=0.116824
[TRAIN] step=940 loss=0.123074
[TRAIN] step=945 loss=0.071474
[TRAIN] step=950 loss=0.053185
[TRAIN] step=955 loss=0.049450
[TRAIN] step=960 loss=0.046655
[TRAIN] step=965 loss=0.038904
[TRAIN] step=970 loss=0.039311
[TRAIN] step=975 loss=0.038488
[TRAIN] step=980 loss=0.043408
[TRAIN] step=985 loss=0.043594
[TRAIN] step=990 loss=0.034652
[TRAIN] step=995 loss=0.035599
[TRAIN] step=1000 loss=0.028982
[EVAL] condition=1/1 step=1000 sigma=0.5 objective=policy ablation=normal batches=40
[EVAL] condition=1/1 batch=10/40 rate=6.15 batch/s elapsed=1.6s ETA=4.9s
[EVAL] condition=1/1 batch=20/40 rate=6.86 batch/s elapsed=2.9s ETA=2.9s
[EVAL] condition=1/1 batch=30/40 rate=7.15 batch/s elapsed=4.2s ETA=1.4s
[EVAL] condition=1/1 batch=40/40 rate=7.30 batch/s elapsed=5.5s ETA=0.0s
[EVAL] condition=1/1 complete loss=0.086227 elapsed=5.5s
[VAL] epoch=0 loss=0.086227 elapsed=5.5s
[TRAIN] step=1005 loss=0.039718
[TRAIN] step=1010 loss=0.030297
[TRAIN] step=1015 loss=0.034478
[TRAIN] step=1020 loss=0.036559
[TRAIN] step=1025 loss=0.026837
[TRAIN] step=1030 loss=0.031585
[TRAIN] step=1035 loss=0.028777
[TRAIN] step=1040 loss=0.032875
[TRAIN] step=1045 loss=0.028233
[TRAIN] step=1050 loss=0.040129
[TRAIN] step=1055 loss=0.029870
[TRAIN] step=1060 loss=0.025777
[TRAIN] step=1065 loss=0.026603
[TRAIN] step=1070 loss=0.026506
[TRAIN] step=1075 loss=0.031615
[TRAIN] step=1080 loss=0.028104
[TRAIN] step=1085 loss=0.029483
[TRAIN] step=1090 loss=0.038767
[TRAIN] step=1095 loss=0.033201
[TRAIN] step=1100 loss=0.033265
[TRAIN] step=1105 loss=0.030807
[TRAIN] step=1110 loss=0.028087
[TRAIN] step=1115 loss=0.029655
[TRAIN] step=1120 loss=0.038119
[TRAIN] step=1125 loss=0.027898
[TRAIN] step=1130 loss=0.030204
[TRAIN] step=1135 loss=0.029597
[TRAIN] step=1140 loss=0.025916
[TRAIN] step=1145 loss=0.025833
[TRAIN] step=1150 loss=0.025169
[TRAIN] step=1155 loss=0.029873
[TRAIN] step=1160 loss=0.034935
[TRAIN] step=1165 loss=0.030455
[TRAIN] step=1170 loss=0.041093
[TRAIN] step=1175 loss=0.031261
[TRAIN] step=1180 loss=0.033770
[TRAIN] step=1185 loss=0.031425
[TRAIN] step=1190 loss=0.027424
[TRAIN] step=1195 loss=0.032156
[TRAIN] step=1200 loss=0.028795
[TRAIN] step=1205 loss=0.025361
[TRAIN] step=1210 loss=0.036871
[TRAIN] step=1215 loss=0.034579
[TRAIN] step=1220 loss=0.028244
[TRAIN] step=1225 loss=0.024674
[TRAIN] step=1230 loss=0.027660
[TRAIN] step=1235 loss=0.027255
[TRAIN] step=1240 loss=0.028336
[TRAIN] step=1245 loss=0.028436
[TRAIN] step=1250 loss=0.026668
[TRAIN] step=1255 loss=0.029291
[TRAIN] step=1260 loss=0.029833
[TRAIN] step=1265 loss=0.036298
[TRAIN] step=1270 loss=0.030843
[TRAIN] step=1275 loss=0.032905
[TRAIN] step=1280 loss=0.028396
[TRAIN] step=1285 loss=0.029876
[TRAIN] step=1290 loss=0.030641
[TRAIN] step=1295 loss=0.029181
[TRAIN] step=1300 loss=0.027430
[TRAIN] step=1305 loss=0.040874
[TRAIN] step=1310 loss=0.026057
[TRAIN] step=1315 loss=0.030541
[TRAIN] step=1320 loss=0.032875
[TRAIN] step=1325 loss=0.035724
[TRAIN] step=1330 loss=0.031132
[TRAIN] step=1335 loss=0.041268
[TRAIN] step=1340 loss=0.031568
[TRAIN] step=1345 loss=0.040437
[TRAIN] step=1350 loss=0.032170
[TRAIN] step=1355 loss=0.029450
[TRAIN] step=1360 loss=0.033109
[TRAIN] step=1365 loss=0.028868
[TRAIN] step=1370 loss=0.027869
[TRAIN] step=1375 loss=0.033595
[TRAIN] step=1380 loss=0.032432
[TRAIN] step=1385 loss=0.029607
[TRAIN] step=1390 loss=0.025358
[TRAIN] step=1395 loss=0.031312
[TRAIN] step=1400 loss=0.028708
[TRAIN] step=1405 loss=0.028120
[TRAIN] step=1410 loss=0.031515
[TRAIN] step=1415 loss=0.029807
[TRAIN] step=1420 loss=0.025024
[TRAIN] step=1425 loss=0.026186
[TRAIN] step=1430 loss=0.026960
[TRAIN] step=1435 loss=0.028957
[TRAIN] step=1440 loss=0.025419
[TRAIN] step=1445 loss=0.022503
[TRAIN] step=1450 loss=0.026559
[TRAIN] step=1455 loss=0.028923
[TRAIN] step=1460 loss=0.028176
[TRAIN] step=1465 loss=0.030606
[TRAIN] step=1470 loss=0.028470
[TRAIN] step=1475 loss=0.033400
[TRAIN] step=1480 loss=0.036802
[TRAIN] step=1485 loss=0.027576
[TRAIN] step=1490 loss=0.033576
[TRAIN] step=1495 loss=0.029644
[TRAIN] step=1500 loss=0.034078
[EVAL] condition=1/1 step=1500 sigma=0.5 objective=policy ablation=normal batches=40
[EVAL] condition=1/1 batch=10/40 rate=6.33 batch/s elapsed=1.6s ETA=4.7s
[EVAL] condition=1/1 batch=20/40 rate=6.93 batch/s elapsed=2.9s ETA=2.9s
[EVAL] condition=1/1 batch=30/40 rate=7.20 batch/s elapsed=4.2s ETA=1.4s
[EVAL] condition=1/1 batch=40/40 rate=7.33 batch/s elapsed=5.5s ETA=0.0s
[EVAL] condition=1/1 complete loss=0.078408 elapsed=5.5s
[VAL] epoch=0 loss=0.078408 elapsed=5.5s
[TRAIN] step=1505 loss=0.026988
[TRAIN] step=1510 loss=0.035410
[TRAIN] step=1515 loss=0.027799
[TRAIN] step=1520 loss=0.031986
[TRAIN] step=1525 loss=0.026068
[TRAIN] step=1530 loss=0.030403
[TRAIN] step=1535 loss=0.026934
[TRAIN] step=1540 loss=0.028937
[TRAIN] step=1545 loss=0.034893
[TRAIN] step=1550 loss=0.029097
[TRAIN] step=1555 loss=0.028976
[TRAIN] step=1560 loss=0.027603
[TRAIN] step=1565 loss=0.027392
[TRAIN] step=1570 loss=0.030095
[TRAIN] step=1575 loss=0.025408
[TRAIN] step=1580 loss=0.028146
[TRAIN] step=1585 loss=0.029558
[TRAIN] step=1590 loss=0.028951
[TRAIN] step=1595 loss=0.026509
[TRAIN] step=1600 loss=0.029702
[TRAIN] step=1605 loss=0.026802
[TRAIN] step=1610 loss=0.028874
[TRAIN] step=1615 loss=0.028405
[TRAIN] step=1620 loss=0.031625
[TRAIN] step=1625 loss=0.025916
[TRAIN] step=1630 loss=0.025003
[TRAIN] step=1635 loss=0.024323
[TRAIN] step=1640 loss=0.026047
[TRAIN] step=1645 loss=0.023636
[TRAIN] step=1650 loss=0.027745
[TRAIN] step=1655 loss=0.025976
[TRAIN] step=1660 loss=0.031063
[TRAIN] step=1665 loss=0.025257
[TRAIN] step=1670 loss=0.027095
[TRAIN] step=1675 loss=0.023084
[TRAIN] step=1680 loss=0.027101
[TRAIN] step=1685 loss=0.027604
[TRAIN] step=1690 loss=0.025372
[TRAIN] step=1695 loss=0.025680
[TRAIN] step=1700 loss=0.024307
[TRAIN] step=1705 loss=0.026782
[TRAIN] step=1710 loss=0.027761
[TRAIN] step=1715 loss=0.025168
[TRAIN] step=1720 loss=0.027460
[TRAIN] step=1725 loss=0.024754
[TRAIN] step=1730 loss=0.025509
[TRAIN] step=1735 loss=0.024581
[TRAIN] step=1740 loss=0.030591
[TRAIN] step=1745 loss=0.027110
[TRAIN] step=1750 loss=0.026223
[TRAIN] step=1755 loss=0.026681
[TRAIN] step=1760 loss=0.026131
[TRAIN] step=1765 loss=0.024856
[TRAIN] step=1770 loss=0.027792
[TRAIN] step=1775 loss=0.026256
[TRAIN] step=1780 loss=0.026944
[TRAIN] step=1785 loss=0.024727
[TRAIN] step=1790 loss=0.031160
[TRAIN] step=1795 loss=0.026553
[TRAIN] step=1800 loss=0.027263
[TRAIN] step=1805 loss=0.027003
[TRAIN] step=1810 loss=0.031312
[TRAIN] step=1815 loss=0.036869
[TRAIN] step=1820 loss=0.031007
[TRAIN] step=1825 loss=0.027504
[TRAIN] step=1830 loss=0.028489
[TRAIN] step=1835 loss=0.025362
[TRAIN] step=1840 loss=0.028348
[TRAIN] step=1845 loss=0.027352
[TRAIN] step=1850 loss=0.027559
[TRAIN] step=1855 loss=0.028079
[TRAIN] step=1860 loss=0.029218
[TRAIN] step=1865 loss=0.025100
[TRAIN] step=1870 loss=0.025635
[TRAIN] step=1875 loss=0.024694
[TRAIN] step=1880 loss=0.028558
[TRAIN] step=1885 loss=0.029809
[TRAIN] step=1890 loss=0.025075
[TRAIN] step=1895 loss=0.028857
[TRAIN] step=1900 loss=0.024883
[TRAIN] step=1905 loss=0.026853
[TRAIN] step=1910 loss=0.024603
[TRAIN] step=1915 loss=0.023871
[TRAIN] step=1920 loss=0.023867
[TRAIN] step=1925 loss=0.024201
[TRAIN] step=1930 loss=0.023064
[TRAIN] step=1935 loss=0.023890
[TRAIN] step=1940 loss=0.023525
[TRAIN] step=1945 loss=0.023263
[TRAIN] step=1950 loss=0.025926
[TRAIN] step=1955 loss=0.023823
[TRAIN] step=1960 loss=0.024655
[TRAIN] step=1965 loss=0.029525
[TRAIN] step=1970 loss=0.025375
[TRAIN] step=1975 loss=0.025881
[TRAIN] step=1980 loss=0.025276
[TRAIN] step=1985 loss=0.026845
[TRAIN] step=1990 loss=0.027110
[TRAIN] step=1995 loss=0.027399
[TRAIN] step=2000 loss=0.024304
[EVAL] condition=1/1 step=2000 sigma=0.5 objective=policy ablation=normal batches=40
[EVAL] condition=1/1 batch=10/40 rate=6.42 batch/s elapsed=1.6s ETA=4.7s
[EVAL] condition=1/1 batch=20/40 rate=7.03 batch/s elapsed=2.8s ETA=2.8s
[EVAL] condition=1/1 batch=30/40 rate=7.27 batch/s elapsed=4.1s ETA=1.4s
[EVAL] condition=1/1 batch=40/40 rate=7.42 batch/s elapsed=5.4s ETA=0.0s
[EVAL] condition=1/1 complete loss=0.065563 elapsed=5.4s
[VAL] epoch=0 loss=0.065563 elapsed=5.4s
[EVAL] condition=1/3 step=2000 sigma=0.5 objective=policy ablation=normal batches=40
[EVAL] condition=1/3 batch=10/40 rate=6.13 batch/s elapsed=1.6s ETA=4.9s
[EVAL] condition=1/3 batch=20/40 rate=6.86 batch/s elapsed=2.9s ETA=2.9s
[EVAL] condition=1/3 batch=30/40 rate=7.17 batch/s elapsed=4.2s ETA=1.4s
[EVAL] condition=1/3 batch=40/40 rate=7.31 batch/s elapsed=5.5s ETA=0.0s
[EVAL] condition=1/3 complete loss=0.065563 elapsed=5.5s
[EVAL] condition=2/3 step=2000 sigma=0.5 objective=world ablation=normal batches=40
[EVAL] condition=2/3 batch=10/40 rate=4.62 batch/s elapsed=2.2s ETA=6.5s
[EVAL] condition=2/3 batch=20/40 rate=5.92 batch/s elapsed=3.4s ETA=3.4s
[EVAL] condition=2/3 batch=30/40 rate=6.53 batch/s elapsed=4.6s ETA=1.5s
[EVAL] condition=2/3 batch=40/40 rate=6.90 batch/s elapsed=5.8s ETA=0.0s
[EVAL] condition=2/3 complete loss=0.079301 elapsed=5.8s
[EVAL] condition=3/3 step=2000 sigma=0.5 objective=value ablation=normal batches=40
[EVAL] condition=3/3 batch=10/40 rate=6.31 batch/s elapsed=1.6s ETA=4.8s
[EVAL] condition=3/3 batch=20/40 rate=7.15 batch/s elapsed=2.8s ETA=2.8s
[EVAL] condition=3/3 batch=30/40 rate=7.47 batch/s elapsed=4.0s ETA=1.3s
[EVAL] condition=3/3 batch=40/40 rate=7.63 batch/s elapsed=5.2s ETA=0.0s
[EVAL] condition=3/3 complete loss=0.004033 elapsed=5.2s
[VAL] epoch=0 loss=0.049632 elapsed=16.5s
