[MONITOR] WandB run=6D-J-ID-2000 url=https://wandb.ai/cloudgowindstop-tsinghua-university/cosmos-offline-compare-2000/runs/b5mnx840
[TRAIN] epoch=0 step=0 batches=34358 skip=0 accum=16
[TRAIN] step=5 loss=0.779599
[TRAIN] step=10 loss=0.769925
[TRAIN] step=15 loss=0.646287
[TRAIN] step=20 loss=0.561814
[TRAIN] step=25 loss=0.487873
[TRAIN] step=30 loss=0.396226
[TRAIN] step=35 loss=0.285248
[TRAIN] step=40 loss=0.215179
[TRAIN] step=45 loss=0.158230
[TRAIN] step=50 loss=0.148415
[TRAIN] step=55 loss=0.162713
[TRAIN] step=60 loss=0.127906
[TRAIN] step=65 loss=0.128678
[TRAIN] step=70 loss=0.113305
[TRAIN] step=75 loss=0.126817
[TRAIN] step=80 loss=0.134424
[TRAIN] step=85 loss=0.101979
[TRAIN] step=90 loss=0.112714
[TRAIN] step=95 loss=0.147700
[TRAIN] step=100 loss=0.118072
[TRAIN] step=105 loss=0.099754
[TRAIN] step=110 loss=0.112630
[TRAIN] step=115 loss=0.107194
[TRAIN] step=120 loss=0.097537
[TRAIN] step=125 loss=0.103588
[TRAIN] step=130 loss=0.106315
[TRAIN] step=135 loss=0.106796
[TRAIN] step=140 loss=0.110738
[TRAIN] step=145 loss=0.102036
[TRAIN] step=150 loss=0.101198
[TRAIN] step=155 loss=0.102549
[TRAIN] step=160 loss=0.113859
[TRAIN] step=165 loss=0.106974
[TRAIN] step=170 loss=0.079952
[TRAIN] step=175 loss=0.098769
[TRAIN] step=180 loss=0.092528
[TRAIN] step=185 loss=0.104966
[TRAIN] step=190 loss=0.084561
[TRAIN] step=195 loss=0.077612
[TRAIN] step=200 loss=0.066911
[TRAIN] step=205 loss=0.072483
[TRAIN] step=210 loss=0.054399
[TRAIN] step=215 loss=0.054891
[TRAIN] step=220 loss=0.046971
[TRAIN] step=225 loss=0.053505
[TRAIN] step=230 loss=0.066422
[TRAIN] step=235 loss=0.047282
[TRAIN] step=240 loss=0.069814
[TRAIN] step=245 loss=0.046514
[TRAIN] step=250 loss=0.065862
[TRAIN] step=255 loss=0.046665
[TRAIN] step=260 loss=0.043732
[TRAIN] step=265 loss=0.040690
[TRAIN] step=270 loss=0.044070
[TRAIN] step=275 loss=0.044296
[TRAIN] step=280 loss=0.048235
[TRAIN] step=285 loss=0.036629
[TRAIN] step=290 loss=0.036388
[TRAIN] step=295 loss=0.041865
[TRAIN] step=300 loss=0.059823
[TRAIN] step=305 loss=0.041148
[TRAIN] step=310 loss=0.047741
[TRAIN] step=315 loss=0.056964
[TRAIN] step=320 loss=0.041105
[TRAIN] step=325 loss=0.034341
[TRAIN] step=330 loss=0.033821
[TRAIN] step=335 loss=0.041866
[TRAIN] step=340 loss=0.035213
[TRAIN] step=345 loss=0.032820
[TRAIN] step=350 loss=0.030629
[TRAIN] step=355 loss=0.045202
[TRAIN] step=360 loss=0.049183
[TRAIN] step=365 loss=0.043992
[TRAIN] step=370 loss=0.038960
[TRAIN] step=375 loss=0.043605
[TRAIN] step=380 loss=0.039412
[TRAIN] step=385 loss=0.039421
[TRAIN] step=390 loss=0.042162
[TRAIN] step=395 loss=0.040794
[TRAIN] step=400 loss=0.037042
[TRAIN] step=405 loss=0.046819
[TRAIN] step=410 loss=0.035592
[TRAIN] step=415 loss=0.057336
[TRAIN] step=420 loss=0.047531
[TRAIN] step=425 loss=0.051297
[TRAIN] step=430 loss=0.038912
[TRAIN] step=435 loss=0.038402
[TRAIN] step=440 loss=0.039434
[TRAIN] step=445 loss=0.038203
[TRAIN] step=450 loss=0.045010
[TRAIN] step=455 loss=0.042666
[TRAIN] step=460 loss=0.061486
[TRAIN] step=465 loss=0.031897
[TRAIN] step=470 loss=0.035017
[TRAIN] step=475 loss=0.040915
[TRAIN] step=480 loss=0.034764
[TRAIN] step=485 loss=0.030619
[TRAIN] step=490 loss=0.031868
[TRAIN] step=495 loss=0.044318
[TRAIN] step=500 loss=0.034438
[EVAL] condition=1/1 step=500 sigma=0.5 objective=policy ablation=normal batches=40
[EVAL] condition=1/1 batch=10/40 rate=2.57 batch/s elapsed=3.9s ETA=11.7s
[EVAL] condition=1/1 batch=20/40 rate=3.90 batch/s elapsed=5.1s ETA=5.1s
[EVAL] condition=1/1 batch=30/40 rate=4.71 batch/s elapsed=6.4s ETA=2.1s
[EVAL] condition=1/1 batch=40/40 rate=5.27 batch/s elapsed=7.6s ETA=0.0s
[EVAL] condition=1/1 complete loss=0.081978 elapsed=7.6s
[VAL] epoch=0 loss=0.081978 elapsed=7.6s
[TRAIN] step=505 loss=0.028494
[TRAIN] step=510 loss=0.036043
[TRAIN] step=515 loss=0.042869
[TRAIN] step=520 loss=0.041333
[TRAIN] step=525 loss=0.030409
[TRAIN] step=530 loss=0.123219
[TRAIN] step=535 loss=0.106149
[TRAIN] step=540 loss=0.090121
[TRAIN] step=545 loss=0.108219
[TRAIN] step=550 loss=0.114166
[TRAIN] step=555 loss=0.102828
[TRAIN] step=560 loss=0.073381
[TRAIN] step=565 loss=0.070402
[TRAIN] step=570 loss=0.077895
[TRAIN] step=575 loss=0.094570
[TRAIN] step=580 loss=0.069393
[TRAIN] step=585 loss=0.049578
[TRAIN] step=590 loss=0.053629
[TRAIN] step=595 loss=0.041072
[TRAIN] step=600 loss=0.042311
[TRAIN] step=605 loss=0.043994
[TRAIN] step=610 loss=0.033759
[TRAIN] step=615 loss=0.047318
[TRAIN] step=620 loss=0.046901
[TRAIN] step=625 loss=0.046455
[TRAIN] step=630 loss=0.028977
[TRAIN] step=635 loss=0.032735
[TRAIN] step=640 loss=0.032738
[TRAIN] step=645 loss=0.028099
[TRAIN] step=650 loss=0.048112
[TRAIN] step=655 loss=0.037670
[TRAIN] step=660 loss=0.041715
[TRAIN] step=665 loss=0.038283
[TRAIN] step=670 loss=0.039242
[TRAIN] step=675 loss=0.024859
[TRAIN] step=680 loss=0.048786
[TRAIN] step=685 loss=0.028156
[TRAIN] step=690 loss=0.038648
[TRAIN] step=695 loss=0.024072
[TRAIN] step=700 loss=0.028649
[TRAIN] step=705 loss=0.037057
[TRAIN] step=710 loss=0.026358
[TRAIN] step=715 loss=0.028607
[TRAIN] step=720 loss=0.039863
[TRAIN] step=725 loss=0.030402
[TRAIN] step=730 loss=0.031218
[TRAIN] step=735 loss=0.028598
[TRAIN] step=740 loss=0.049553
[TRAIN] step=745 loss=0.026172
[TRAIN] step=750 loss=0.034360
[TRAIN] step=755 loss=0.028905
[TRAIN] step=760 loss=0.040423
[TRAIN] step=765 loss=0.030256
[TRAIN] step=770 loss=0.049905
[TRAIN] step=775 loss=0.039486
[TRAIN] step=780 loss=0.041830
[TRAIN] step=785 loss=0.041375
[TRAIN] step=790 loss=0.045366
[TRAIN] step=795 loss=0.030245
[TRAIN] step=800 loss=0.041171
[TRAIN] step=805 loss=0.031860
[TRAIN] step=810 loss=0.029808
[TRAIN] step=815 loss=0.041571
[TRAIN] step=820 loss=0.031627
[TRAIN] step=825 loss=0.034342
[TRAIN] step=830 loss=0.032270
[TRAIN] step=835 loss=0.043824
[TRAIN] step=840 loss=0.036990
[TRAIN] step=845 loss=0.043496
[TRAIN] step=850 loss=0.029610
[TRAIN] step=855 loss=0.038719
[TRAIN] step=860 loss=0.034648
[TRAIN] step=865 loss=0.049881
[TRAIN] step=870 loss=0.103015
[TRAIN] step=875 loss=0.061652
[TRAIN] step=880 loss=0.050657
[TRAIN] step=885 loss=0.041792
[TRAIN] step=890 loss=0.039541
[TRAIN] step=895 loss=0.035723
[TRAIN] step=900 loss=0.041638
[TRAIN] step=905 loss=0.045438
[TRAIN] step=910 loss=0.035444
[TRAIN] step=915 loss=0.038213
[TRAIN] step=920 loss=0.026309
[TRAIN] step=925 loss=0.039193
[TRAIN] step=930 loss=0.063826
[TRAIN] step=935 loss=0.044146
[TRAIN] step=940 loss=0.040052
[TRAIN] step=945 loss=0.029536
[TRAIN] step=950 loss=0.029484
[TRAIN] step=955 loss=0.032676
[TRAIN] step=960 loss=0.030866
[TRAIN] step=965 loss=0.025529
[TRAIN] step=970 loss=0.031827
[TRAIN] step=975 loss=0.028632
[TRAIN] step=980 loss=0.042322
[TRAIN] step=985 loss=0.037442
[TRAIN] step=990 loss=0.037995
[TRAIN] step=995 loss=0.051008
[TRAIN] step=1000 loss=0.045914
[EVAL] condition=1/1 step=1000 sigma=0.5 objective=policy ablation=normal batches=40
[EVAL] condition=1/1 batch=10/40 rate=6.45 batch/s elapsed=1.6s ETA=4.7s
[EVAL] condition=1/1 batch=20/40 rate=7.17 batch/s elapsed=2.8s ETA=2.8s
[EVAL] condition=1/1 batch=30/40 rate=7.46 batch/s elapsed=4.0s ETA=1.3s
[EVAL] condition=1/1 batch=40/40 rate=7.61 batch/s elapsed=5.3s ETA=0.0s
[EVAL] condition=1/1 complete loss=0.107420 elapsed=5.3s
[VAL] epoch=0 loss=0.107420 elapsed=5.3s
[TRAIN] step=1005 loss=0.036229
[TRAIN] step=1010 loss=0.041557
[TRAIN] step=1015 loss=0.037011
[TRAIN] step=1020 loss=0.039782
[TRAIN] step=1025 loss=0.027273
[TRAIN] step=1030 loss=0.031012
[TRAIN] step=1035 loss=0.037328
[TRAIN] step=1040 loss=0.065983
[TRAIN] step=1045 loss=0.029936
[TRAIN] step=1050 loss=0.038224
[TRAIN] step=1055 loss=0.028274
[TRAIN] step=1060 loss=0.032349
[TRAIN] step=1065 loss=0.027982
[TRAIN] step=1070 loss=0.029524
[TRAIN] step=1075 loss=0.033607
[TRAIN] step=1080 loss=0.027635
[TRAIN] step=1085 loss=0.028466
[TRAIN] step=1090 loss=0.030301
[TRAIN] step=1095 loss=0.028999
[TRAIN] step=1100 loss=0.028643
[TRAIN] step=1105 loss=0.029936
[TRAIN] step=1110 loss=0.025049
[TRAIN] step=1115 loss=0.026376
[TRAIN] step=1120 loss=0.042946
[TRAIN] step=1125 loss=0.029227
[TRAIN] step=1130 loss=0.123082
[TRAIN] step=1135 loss=0.108222
[TRAIN] step=1140 loss=0.100865
[TRAIN] step=1145 loss=0.096922
[TRAIN] step=1150 loss=0.086800
[TRAIN] step=1155 loss=0.104785
[TRAIN] step=1160 loss=0.093425
[TRAIN] step=1165 loss=0.089528
[TRAIN] step=1170 loss=0.093411
[TRAIN] step=1175 loss=0.077218
[TRAIN] step=1180 loss=0.070084
[TRAIN] step=1185 loss=0.070467
[TRAIN] step=1190 loss=0.046315
[TRAIN] step=1195 loss=0.062341
[TRAIN] step=1200 loss=0.040556
[TRAIN] step=1205 loss=0.034000
[TRAIN] step=1210 loss=0.035988
[TRAIN] step=1215 loss=0.029278
[TRAIN] step=1220 loss=0.037373
[TRAIN] step=1225 loss=0.032660
[TRAIN] step=1230 loss=0.026304
[TRAIN] step=1235 loss=0.031978
[TRAIN] step=1240 loss=0.030863
[TRAIN] step=1245 loss=0.032056
[TRAIN] step=1250 loss=0.026673
[TRAIN] step=1255 loss=0.029438
[TRAIN] step=1260 loss=0.028704
[TRAIN] step=1265 loss=0.029301
[TRAIN] step=1270 loss=0.027175
[TRAIN] step=1275 loss=0.035926
[TRAIN] step=1280 loss=0.036751
[TRAIN] step=1285 loss=0.033640
[TRAIN] step=1290 loss=0.026365
[TRAIN] step=1295 loss=0.033170
[TRAIN] step=1300 loss=0.036329
[TRAIN] step=1305 loss=0.037081
[TRAIN] step=1310 loss=0.026818
[TRAIN] step=1315 loss=0.026585
[TRAIN] step=1320 loss=0.025556
[TRAIN] step=1325 loss=0.052207
[TRAIN] step=1330 loss=0.034897
[TRAIN] step=1335 loss=0.041903
[TRAIN] step=1340 loss=0.032466
[TRAIN] step=1345 loss=0.030150
[TRAIN] step=1350 loss=0.037322
[TRAIN] step=1355 loss=0.028810
[TRAIN] step=1360 loss=0.026363
[TRAIN] step=1365 loss=0.026709
[TRAIN] step=1370 loss=0.025380
[TRAIN] step=1375 loss=0.031550
[TRAIN] step=1380 loss=0.030346
[TRAIN] step=1385 loss=0.030373
[TRAIN] step=1390 loss=0.029343
[TRAIN] step=1395 loss=0.027301
[TRAIN] step=1400 loss=0.024390
[TRAIN] step=1405 loss=0.024835
[TRAIN] step=1410 loss=0.047096
[TRAIN] step=1415 loss=0.047561
[TRAIN] step=1420 loss=0.033305
[TRAIN] step=1425 loss=0.033961
[TRAIN] step=1430 loss=0.029046
[TRAIN] step=1435 loss=0.029708
[TRAIN] step=1440 loss=0.034977
[TRAIN] step=1445 loss=0.029072
[TRAIN] step=1450 loss=0.041715
[TRAIN] step=1455 loss=0.038040
[TRAIN] step=1460 loss=0.035827
[TRAIN] step=1465 loss=0.040027
[TRAIN] step=1470 loss=0.029689
[TRAIN] step=1475 loss=0.035407
[TRAIN] step=1480 loss=0.030355
[TRAIN] step=1485 loss=0.028416
