[MONITOR] WandB run=E-J-2000 url=https://wandb.ai/cloudgowindstop-tsinghua-university/cosmos-offline-compare-2000/runs/o85akhzz
[TRAIN] epoch=0 step=0 batches=34358 skip=0 accum=16
[TRAIN] step=5 loss=0.777462
[TRAIN] step=10 loss=0.743542
[TRAIN] step=15 loss=0.593735
[TRAIN] step=20 loss=0.519145
[TRAIN] step=25 loss=0.437080
[TRAIN] step=30 loss=0.324554
[TRAIN] step=35 loss=0.208632
[TRAIN] step=40 loss=0.136568
[TRAIN] step=45 loss=0.110271
[TRAIN] step=50 loss=0.115951
[TRAIN] step=55 loss=0.111871
[TRAIN] step=60 loss=0.090471
[TRAIN] step=65 loss=0.104971
[TRAIN] step=70 loss=0.075323
[TRAIN] step=75 loss=0.079465
[TRAIN] step=80 loss=0.085833
[TRAIN] step=85 loss=0.066448
[TRAIN] step=90 loss=0.061607
[TRAIN] step=95 loss=0.084269
[TRAIN] step=100 loss=0.066848
[TRAIN] step=105 loss=0.060107
[TRAIN] step=110 loss=0.070509
[TRAIN] step=115 loss=0.070067
[TRAIN] step=120 loss=0.052995
[TRAIN] step=125 loss=0.063837
[TRAIN] step=130 loss=0.060609
[TRAIN] step=135 loss=0.072746
[TRAIN] step=140 loss=0.056941
[TRAIN] step=145 loss=0.054761
[TRAIN] step=150 loss=0.064576
[TRAIN] step=155 loss=0.059158
[TRAIN] step=160 loss=0.055117
[TRAIN] step=165 loss=0.065575
[TRAIN] step=170 loss=0.047930
[TRAIN] step=175 loss=0.061579
[TRAIN] step=180 loss=0.057624
[TRAIN] step=185 loss=0.051984
[TRAIN] step=190 loss=0.043697
[TRAIN] step=195 loss=0.044507
[TRAIN] step=200 loss=0.042494
[TRAIN] step=205 loss=0.044771
[TRAIN] step=210 loss=0.048451
[TRAIN] step=215 loss=0.037055
[TRAIN] step=220 loss=0.045502
[TRAIN] step=225 loss=0.044385
[TRAIN] step=230 loss=0.057568
[TRAIN] step=235 loss=0.046531
[TRAIN] step=240 loss=0.064842
[TRAIN] step=245 loss=0.046962
[TRAIN] step=250 loss=0.049075
[TRAIN] step=255 loss=0.036763
[TRAIN] step=260 loss=0.051900
[TRAIN] step=265 loss=0.047986
[TRAIN] step=270 loss=0.042944
[TRAIN] step=275 loss=0.051003
[TRAIN] step=280 loss=0.046391
[TRAIN] step=285 loss=0.038410
[TRAIN] step=290 loss=0.050900
[TRAIN] step=295 loss=0.067563
[TRAIN] step=300 loss=0.070607
[TRAIN] step=305 loss=0.056230
[TRAIN] step=310 loss=0.061712
[TRAIN] step=315 loss=0.051710
[TRAIN] step=320 loss=0.045328
[TRAIN] step=325 loss=0.045229
[TRAIN] step=330 loss=0.037806
[TRAIN] step=335 loss=0.048287
[TRAIN] step=340 loss=0.042602
[TRAIN] step=345 loss=0.043712
[TRAIN] step=350 loss=0.036760
[TRAIN] step=355 loss=0.044923
[TRAIN] step=360 loss=0.055265
[TRAIN] step=365 loss=0.045879
[TRAIN] step=370 loss=0.044501
[TRAIN] step=375 loss=0.047118
[TRAIN] step=380 loss=0.040000
[TRAIN] step=385 loss=0.045125
[TRAIN] step=390 loss=0.040110
[TRAIN] step=395 loss=0.045090
[TRAIN] step=400 loss=0.050325
[TRAIN] step=405 loss=0.043333
[TRAIN] step=410 loss=0.044068
[TRAIN] step=415 loss=0.053971
[TRAIN] step=420 loss=0.052702
[TRAIN] step=425 loss=0.055454
[TRAIN] step=430 loss=0.035428
[TRAIN] step=435 loss=0.037468
[TRAIN] step=440 loss=0.041425
[TRAIN] step=445 loss=0.041104
[TRAIN] step=450 loss=0.040106
[TRAIN] step=455 loss=0.047461
[TRAIN] step=460 loss=0.060670
[TRAIN] step=465 loss=0.033310
[TRAIN] step=470 loss=0.037628
[TRAIN] step=475 loss=0.041580
[TRAIN] step=480 loss=0.055930
[TRAIN] step=485 loss=0.043797
[TRAIN] step=490 loss=0.040118
[TRAIN] step=495 loss=0.052514
[TRAIN] step=500 loss=0.063793
[EVAL] condition=1/1 step=500 sigma=0.5 objective=policy ablation=normal batches=40
[EVAL] condition=1/1 batch=10/40 rate=2.14 batch/s elapsed=4.7s ETA=14.0s
[EVAL] condition=1/1 batch=20/40 rate=3.34 batch/s elapsed=6.0s ETA=6.0s
[EVAL] condition=1/1 batch=30/40 rate=4.11 batch/s elapsed=7.3s ETA=2.4s
[EVAL] condition=1/1 batch=40/40 rate=4.65 batch/s elapsed=8.6s ETA=0.0s
[EVAL] condition=1/1 complete loss=0.084055 elapsed=8.6s
[VAL] epoch=0 loss=0.084055 elapsed=8.6s
[TRAIN] step=505 loss=0.033971
[TRAIN] step=510 loss=0.041947
[TRAIN] step=515 loss=0.039324
[TRAIN] step=520 loss=0.037537
[TRAIN] step=525 loss=0.035816
[TRAIN] step=530 loss=0.047025
[TRAIN] step=535 loss=0.038071
[TRAIN] step=540 loss=0.028751
[TRAIN] step=545 loss=0.036702
[TRAIN] step=550 loss=0.045128
[TRAIN] step=555 loss=0.040325
[TRAIN] step=560 loss=0.033561
[TRAIN] step=565 loss=0.040226
[TRAIN] step=570 loss=0.040294
[TRAIN] step=575 loss=0.035825
[TRAIN] step=580 loss=0.035383
[TRAIN] step=585 loss=0.028298
[TRAIN] step=590 loss=0.032990
[TRAIN] step=595 loss=0.035881
[TRAIN] step=600 loss=0.035635
[TRAIN] step=605 loss=0.051197
[TRAIN] step=610 loss=0.049145
[TRAIN] step=615 loss=0.034032
[TRAIN] step=620 loss=0.038885
[TRAIN] step=625 loss=0.043173
[TRAIN] step=630 loss=0.035241
[TRAIN] step=635 loss=0.032581
[TRAIN] step=640 loss=0.034502
[TRAIN] step=645 loss=0.060636
[TRAIN] step=650 loss=0.036287
[TRAIN] step=655 loss=0.042055
[TRAIN] step=660 loss=0.030515
[TRAIN] step=665 loss=0.047162
[TRAIN] step=670 loss=0.063248
[TRAIN] step=675 loss=0.036508
[TRAIN] step=680 loss=0.037426
[TRAIN] step=685 loss=0.032691
[TRAIN] step=690 loss=0.037751
[TRAIN] step=695 loss=0.035625
[TRAIN] step=700 loss=0.033257
[TRAIN] step=705 loss=0.042451
[TRAIN] step=710 loss=0.043684
[TRAIN] step=715 loss=0.033163
[TRAIN] step=720 loss=0.047408
[TRAIN] step=725 loss=0.033003
[TRAIN] step=730 loss=0.036644
[TRAIN] step=735 loss=0.029675
[TRAIN] step=740 loss=0.047499
[TRAIN] step=745 loss=0.036739
[TRAIN] step=750 loss=0.038611
[TRAIN] step=755 loss=0.038853
[TRAIN] step=760 loss=0.038227
[TRAIN] step=765 loss=0.035204
[TRAIN] step=770 loss=0.032794
[TRAIN] step=775 loss=0.038130
[TRAIN] step=780 loss=0.035760
[TRAIN] step=785 loss=0.034812
[TRAIN] step=790 loss=0.036314
[TRAIN] step=795 loss=0.033193
[TRAIN] step=800 loss=0.033817
[TRAIN] step=805 loss=0.034936
[TRAIN] step=810 loss=0.046828
[TRAIN] step=815 loss=0.070436
[TRAIN] step=820 loss=0.065244
[TRAIN] step=825 loss=0.041178
[TRAIN] step=830 loss=0.040910
[TRAIN] step=835 loss=0.040029
[TRAIN] step=840 loss=0.041762
[TRAIN] step=845 loss=0.053387
[TRAIN] step=850 loss=0.031524
[TRAIN] step=855 loss=0.037423
[TRAIN] step=860 loss=0.036903
[TRAIN] step=865 loss=0.035004
[TRAIN] step=870 loss=0.039589
[TRAIN] step=875 loss=0.057668
[TRAIN] step=880 loss=0.046363
[TRAIN] step=885 loss=0.035792
[TRAIN] step=890 loss=0.031952
[TRAIN] step=895 loss=0.035235
[TRAIN] step=900 loss=0.037023
[TRAIN] step=905 loss=0.044275
[TRAIN] step=910 loss=0.027515
[TRAIN] step=915 loss=0.035636
[TRAIN] step=920 loss=0.031205
[TRAIN] step=925 loss=0.041687
[TRAIN] step=930 loss=0.041168
[TRAIN] step=935 loss=0.036689
[TRAIN] step=940 loss=0.029920
[TRAIN] step=945 loss=0.028258
[TRAIN] step=950 loss=0.027624
[TRAIN] step=955 loss=0.044480
[TRAIN] step=960 loss=0.030699
[TRAIN] step=965 loss=0.031497
[TRAIN] step=970 loss=0.042481
[TRAIN] step=975 loss=0.035694
[TRAIN] step=980 loss=0.043610
[TRAIN] step=985 loss=0.042567
[TRAIN] step=990 loss=0.031718
[TRAIN] step=995 loss=0.039196
[TRAIN] step=1000 loss=0.035715
[EVAL] condition=1/1 step=1000 sigma=0.5 objective=policy ablation=normal batches=40
[EVAL] condition=1/1 batch=10/40 rate=6.08 batch/s elapsed=1.6s ETA=4.9s
[EVAL] condition=1/1 batch=20/40 rate=6.79 batch/s elapsed=2.9s ETA=2.9s
[EVAL] condition=1/1 batch=30/40 rate=6.98 batch/s elapsed=4.3s ETA=1.4s
[EVAL] condition=1/1 batch=40/40 rate=7.14 batch/s elapsed=5.6s ETA=0.0s
[EVAL] condition=1/1 complete loss=0.079365 elapsed=5.6s
[VAL] epoch=0 loss=0.079365 elapsed=5.6s
[TRAIN] step=1005 loss=0.035810
[TRAIN] step=1010 loss=0.033028
[TRAIN] step=1015 loss=0.032318
[TRAIN] step=1020 loss=0.057662
[TRAIN] step=1025 loss=0.038093
[TRAIN] step=1030 loss=0.038778
[TRAIN] step=1035 loss=0.035903
[TRAIN] step=1040 loss=0.044831
[TRAIN] step=1045 loss=0.043677
[TRAIN] step=1050 loss=0.052428
[TRAIN] step=1055 loss=0.034101
[TRAIN] step=1060 loss=0.053665
[TRAIN] step=1065 loss=0.041869
[TRAIN] step=1070 loss=0.039423
[TRAIN] step=1075 loss=0.045409
[TRAIN] step=1080 loss=0.055874
[TRAIN] step=1085 loss=0.041310
[TRAIN] step=1090 loss=0.039123
[TRAIN] step=1095 loss=0.036610
[TRAIN] step=1100 loss=0.046582
[TRAIN] step=1105 loss=0.032853
[TRAIN] step=1110 loss=0.032178
[TRAIN] step=1115 loss=0.053041
[TRAIN] step=1120 loss=0.043215
[TRAIN] step=1125 loss=0.027474
[TRAIN] step=1130 loss=0.032759
[TRAIN] step=1135 loss=0.033140
[TRAIN] step=1140 loss=0.028198
[TRAIN] step=1145 loss=0.030966
[TRAIN] step=1150 loss=0.114769
[TRAIN] step=1155 loss=0.089503
[TRAIN] step=1160 loss=0.066718
[TRAIN] step=1165 loss=0.063027
[TRAIN] step=1170 loss=0.056052
[TRAIN] step=1175 loss=0.042541
[TRAIN] step=1180 loss=0.056934
[TRAIN] step=1185 loss=0.043449
[TRAIN] step=1190 loss=0.044391
[TRAIN] step=1195 loss=0.042805
[TRAIN] step=1200 loss=0.037134
[TRAIN] step=1205 loss=0.027721
[TRAIN] step=1210 loss=0.042090
[TRAIN] step=1215 loss=0.031858
[TRAIN] step=1220 loss=0.034283
[TRAIN] step=1225 loss=0.026649
[TRAIN] step=1230 loss=0.027007
[TRAIN] step=1235 loss=0.029187
[TRAIN] step=1240 loss=0.030483
[TRAIN] step=1245 loss=0.032592
[TRAIN] step=1250 loss=0.022751
[TRAIN] step=1255 loss=0.027962
[TRAIN] step=1260 loss=0.031917
[TRAIN] step=1265 loss=0.033175
[TRAIN] step=1270 loss=0.034395
[TRAIN] step=1275 loss=0.033204
[TRAIN] step=1280 loss=0.029466
[TRAIN] step=1285 loss=0.033009
[TRAIN] step=1290 loss=0.028625
[TRAIN] step=1295 loss=0.033625
[TRAIN] step=1300 loss=0.029377
[TRAIN] step=1305 loss=0.039737
[TRAIN] step=1310 loss=0.028929
[TRAIN] step=1315 loss=0.029103
[TRAIN] step=1320 loss=0.030501
[TRAIN] step=1325 loss=0.036219
[TRAIN] step=1330 loss=0.034792
[TRAIN] step=1335 loss=0.041375
[TRAIN] step=1340 loss=0.028567
[TRAIN] step=1345 loss=0.035978
[TRAIN] step=1350 loss=0.030505
[TRAIN] step=1355 loss=0.031160
[TRAIN] step=1360 loss=0.048441
[TRAIN] step=1365 loss=0.036386
[TRAIN] step=1370 loss=0.030581
[TRAIN] step=1375 loss=0.033561
[TRAIN] step=1380 loss=0.032977
[TRAIN] step=1385 loss=0.034786
[TRAIN] step=1390 loss=0.030237
[TRAIN] step=1395 loss=0.037411
[TRAIN] step=1400 loss=0.032280
[TRAIN] step=1405 loss=0.028925
[TRAIN] step=1410 loss=0.033540
[TRAIN] step=1415 loss=0.032839
[TRAIN] step=1420 loss=0.025677
[TRAIN] step=1425 loss=0.031833
[TRAIN] step=1430 loss=0.024741
[TRAIN] step=1435 loss=0.029104
[TRAIN] step=1440 loss=0.029978
[TRAIN] step=1445 loss=0.022347
[TRAIN] step=1450 loss=0.031736
[TRAIN] step=1455 loss=0.035454
[TRAIN] step=1460 loss=0.053040
[TRAIN] step=1465 loss=0.037945
[TRAIN] step=1470 loss=0.029063
[TRAIN] step=1475 loss=0.032279
[TRAIN] step=1480 loss=0.030534
[TRAIN] step=1485 loss=0.027999
[TRAIN] step=1490 loss=0.035489
[TRAIN] step=1495 loss=0.031337
[TRAIN] step=1500 loss=0.048351
[EVAL] condition=1/1 step=1500 sigma=0.5 objective=policy ablation=normal batches=40
[EVAL] condition=1/1 batch=10/40 rate=6.22 batch/s elapsed=1.6s ETA=4.8s
[EVAL] condition=1/1 batch=20/40 rate=6.92 batch/s elapsed=2.9s ETA=2.9s
[EVAL] condition=1/1 batch=30/40 rate=7.19 batch/s elapsed=4.2s ETA=1.4s
[EVAL] condition=1/1 batch=40/40 rate=7.34 batch/s elapsed=5.5s ETA=0.0s
[EVAL] condition=1/1 complete loss=0.077788 elapsed=5.5s
[VAL] epoch=0 loss=0.077788 elapsed=5.5s
[TRAIN] step=1505 loss=0.034015
[TRAIN] step=1510 loss=0.045704
[TRAIN] step=1515 loss=0.034524
[TRAIN] step=1520 loss=0.038589
[TRAIN] step=1525 loss=0.027672
[TRAIN] step=1530 loss=0.039532
[TRAIN] step=1535 loss=0.039619
[TRAIN] step=1540 loss=0.042337
[TRAIN] step=1545 loss=0.034502
[TRAIN] step=1550 loss=0.031452
[TRAIN] step=1555 loss=0.030673
[TRAIN] step=1560 loss=0.027166
[TRAIN] step=1565 loss=0.029694
[TRAIN] step=1570 loss=0.030648
[TRAIN] step=1575 loss=0.028640
[TRAIN] step=1580 loss=0.028306
[TRAIN] step=1585 loss=0.029423
[TRAIN] step=1590 loss=0.030486
[TRAIN] step=1595 loss=0.028815
[TRAIN] step=1600 loss=0.053183
[TRAIN] step=1605 loss=0.031198
[TRAIN] step=1610 loss=0.036657
[TRAIN] step=1615 loss=0.033038
[TRAIN] step=1620 loss=0.046006
[TRAIN] step=1625 loss=0.030700
[TRAIN] step=1630 loss=0.026306
[TRAIN] step=1635 loss=0.027723
[TRAIN] step=1640 loss=0.028378
[TRAIN] step=1645 loss=0.025607
[TRAIN] step=1650 loss=0.031292
[TRAIN] step=1655 loss=0.039036
[TRAIN] step=1660 loss=0.035144
[TRAIN] step=1665 loss=0.041489
[TRAIN] step=1670 loss=0.027883
[TRAIN] step=1675 loss=0.025448
[TRAIN] step=1680 loss=0.033023
[TRAIN] step=1685 loss=0.029172
[TRAIN] step=1690 loss=0.024537
[TRAIN] step=1695 loss=0.027687
[TRAIN] step=1700 loss=0.025606
[TRAIN] step=1705 loss=0.025776
[TRAIN] step=1710 loss=0.027320
[TRAIN] step=1715 loss=0.028233
[TRAIN] step=1720 loss=0.030395
[TRAIN] step=1725 loss=0.032079
[TRAIN] step=1730 loss=0.026190
[TRAIN] step=1735 loss=0.028519
[TRAIN] step=1740 loss=0.030775
[TRAIN] step=1745 loss=0.022710
[TRAIN] step=1750 loss=0.040514
[TRAIN] step=1755 loss=0.028651
[TRAIN] step=1760 loss=0.031477
[TRAIN] step=1765 loss=0.031434
[TRAIN] step=1770 loss=0.029444
[TRAIN] step=1775 loss=0.026803
[TRAIN] step=1780 loss=0.026363
[TRAIN] step=1785 loss=0.022366
[TRAIN] step=1790 loss=0.027020
[TRAIN] step=1795 loss=0.025843
[TRAIN] step=1800 loss=0.026496
[TRAIN] step=1805 loss=0.023190
[TRAIN] step=1810 loss=0.030170
[TRAIN] step=1815 loss=0.041600
[TRAIN] step=1820 loss=0.039532
[TRAIN] step=1825 loss=0.030609
[TRAIN] step=1830 loss=0.030096
[TRAIN] step=1835 loss=0.029576
[TRAIN] step=1840 loss=0.030543
[TRAIN] step=1845 loss=0.029255
[TRAIN] step=1850 loss=0.028853
[TRAIN] step=1855 loss=0.032386
[TRAIN] step=1860 loss=0.032308
[TRAIN] step=1865 loss=0.027412
[TRAIN] step=1870 loss=0.028956
[TRAIN] step=1875 loss=0.024660
[TRAIN] step=1880 loss=0.030520
[TRAIN] step=1885 loss=0.025882
[TRAIN] step=1890 loss=0.029026
[TRAIN] step=1895 loss=0.030960
[TRAIN] step=1900 loss=0.029257
[TRAIN] step=1905 loss=0.027432
[TRAIN] step=1910 loss=0.027334
[TRAIN] step=1915 loss=0.025531
[TRAIN] step=1920 loss=0.022601
[TRAIN] step=1925 loss=0.032838
[TRAIN] step=1930 loss=0.025954
[TRAIN] step=1935 loss=0.026758
[TRAIN] step=1940 loss=0.025026
[TRAIN] step=1945 loss=0.031199
[TRAIN] step=1950 loss=0.042445
[TRAIN] step=1955 loss=0.033052
[TRAIN] step=1960 loss=0.036032
[TRAIN] step=1965 loss=0.031455
[TRAIN] step=1970 loss=0.027922
[TRAIN] step=1975 loss=0.026730
[TRAIN] step=1980 loss=0.035938
[TRAIN] step=1985 loss=0.036022
[TRAIN] step=1990 loss=0.034421
[TRAIN] step=1995 loss=0.036536
[TRAIN] step=2000 loss=0.030744
[EVAL] condition=1/1 step=2000 sigma=0.5 objective=policy ablation=normal batches=40
[EVAL] condition=1/1 batch=10/40 rate=6.23 batch/s elapsed=1.6s ETA=4.8s
[EVAL] condition=1/1 batch=20/40 rate=6.93 batch/s elapsed=2.9s ETA=2.9s
[EVAL] condition=1/1 batch=30/40 rate=7.20 batch/s elapsed=4.2s ETA=1.4s
[EVAL] condition=1/1 batch=40/40 rate=7.34 batch/s elapsed=5.4s ETA=0.0s
[EVAL] condition=1/1 complete loss=0.084754 elapsed=5.4s
[VAL] epoch=0 loss=0.084754 elapsed=5.4s
[EVAL] condition=1/3 step=2000 sigma=0.5 objective=policy ablation=normal batches=40
[EVAL] condition=1/3 batch=10/40 rate=6.05 batch/s elapsed=1.7s ETA=5.0s
[EVAL] condition=1/3 batch=20/40 rate=6.83 batch/s elapsed=2.9s ETA=2.9s
[EVAL] condition=1/3 batch=30/40 rate=7.13 batch/s elapsed=4.2s ETA=1.4s
[EVAL] condition=1/3 batch=40/40 rate=7.29 batch/s elapsed=5.5s ETA=0.0s
[EVAL] condition=1/3 complete loss=0.084754 elapsed=5.5s
[EVAL] condition=2/3 step=2000 sigma=0.5 objective=world ablation=normal batches=40
[EVAL] condition=2/3 batch=10/40 rate=6.39 batch/s elapsed=1.6s ETA=4.7s
[EVAL] condition=2/3 batch=20/40 rate=7.26 batch/s elapsed=2.8s ETA=2.8s
[EVAL] condition=2/3 batch=30/40 rate=7.60 batch/s elapsed=3.9s ETA=1.3s
[EVAL] condition=2/3 batch=40/40 rate=7.78 batch/s elapsed=5.1s ETA=0.0s
[EVAL] condition=2/3 complete loss=0.097001 elapsed=5.1s
[EVAL] condition=3/3 step=2000 sigma=0.5 objective=value ablation=normal batches=40
[EVAL] condition=3/3 batch=10/40 rate=5.48 batch/s elapsed=1.8s ETA=5.5s
[EVAL] condition=3/3 batch=20/40 rate=6.62 batch/s elapsed=3.0s ETA=3.0s
[EVAL] condition=3/3 batch=30/40 rate=7.13 batch/s elapsed=4.2s ETA=1.4s
[EVAL] condition=3/3 batch=40/40 rate=7.41 batch/s elapsed=5.4s ETA=0.0s
[EVAL] condition=3/3 complete loss=0.014325 elapsed=5.4s
[VAL] epoch=0 loss=0.065360 elapsed=16.0s
